[2026-08-07T18:30:52] RUN: msg * hello
[2026-08-07T18:31:13] OPEN: notepad
[2026-08-07T18:39:17] RUN: ncpa.cpl
[2026-08-07T19:24:08] AUTH-FAIL: bad token from 127.0.0.1
[2026-08-07T19:24:46] OPEN: notepad
[2026-08-08T19:58:01] OPEN: notepad
[2026-08-08T19:59:16] WRITE: memory.json (70 chars)
[2026-08-08T19:59:16] WRITE: memory.json (173 chars)
[2026-08-08T20:05:29] WRITE: memory.json (283 chars)
[2026-08-08T20:06:23] WRITE: memory.json (385 chars)
[2026-08-08T20:07:06] WRITE: memory.json (502 chars)
[2026-08-08T20:09:21] WRITE: memory.json (654 chars)
[2026-08-08T20:10:20] WRITE: memory.json (751 chars)
[2026-08-08T20:10:20] WRITE: memory.json (846 chars)
[2026-08-08T20:12:04] WRITE: memory.json (949 chars)
[2026-08-08T20:12:53] WRITE: memory.json (1064 chars)
[2026-08-08T20:16:59] WRITE: memory.json (1220 chars)
[2026-08-08T20:16:59] WRITE: memory.json (1374 chars)
[2026-08-08T20:17:51] WRITE: memory.json (1526 chars)
[2026-08-08T20:18:37] WRITE: memory.json (1641 chars)
[2026-08-08T20:19:25] WRITE: memory.json (1779 chars)
[2026-08-08T20:23:03] WRITE: memory.json (1999 chars)
[2026-08-08T20:25:09] RUN: rm index.html
[2026-08-08T20:26:09] RUN: yes
[2026-08-08T20:27:51] WRITE: memory.json (2112 chars)
[2026-08-08T20:28:07] WRITE: memory.json (2358 chars)
[2026-08-08T20:28:07] WRITE: memory.json (2227 chars)
[2026-08-08T20:30:49] WRITE: memory.json (2513 chars)
[2026-08-08T20:35:07] OPEN: camera
[2026-08-08T20:39:02] WRITE: memory.json (2659 chars)
[2026-08-08T20:39:22] WRITE: memory.json (2805 chars)
[2026-08-10T16:02:20] OPEN: notepad
[2026-08-10T16:02:37] RUN: dir /s
[2026-08-10T16:02:55] RUN: wlan show profiles
[2026-08-10T16:04:32] RUN: netsh wlan show profiles
[2026-08-10T16:04:58] RUN: color 0a
[2026-08-10T16:05:17] RUN: echo hello
[2026-08-10T19:38:42] WRITE: local_server/index.html (16070 chars)
[2026-08-10T20:57:27] RUN: nmcli device wifi list
[2026-08-10T20:58:19] RUN: netsh wlan show networks
[2026-08-11T20:58:54] RUN: kill
[2026-08-12T12:35:14] OPEN: camera
[2026-08-12T13:41:44] OPEN: camera
[2026-08-12T13:45:08] OPEN: camera
[2026-08-29T11:44:23] OPEN: camera
